==============================================================================
sample-GET-test :: An example Rest API test case.                             
==============================================================================
Ping Google                                                           | PASS |
------------------------------------------------------------------------------
sample-GET-test :: An example Rest API test case.                     | PASS |
1 test, 1 passed, 0 failed
==============================================================================
Output:  C:\Users\antwan.maddox\source\Frameworks\boilerplate-robotframework\Tests\api\pabot_results\0\output.xml
