[ WARN ] Imported resource file 'C:\Users\antwan.maddox\source\Frameworks\boilerplate-robotframework\scripts\PageObjects\Common\CommonPage.robot' is empty.
