==============================================================================
Sample-Web-Test :: An example test case.                                      
==============================================================================
Navigate to Cards Menu                                                | PASS |
------------------------------------------------------------------------------
Sample-Web-Test :: An example test case.                              | PASS |
1 test, 1 passed, 0 failed
==============================================================================
Output:  C:\Users\antwan.maddox\source\Frameworks\boilerplate-robotframework\scripts\tests\web\pabot_results\0\output.xml
